/root/diffusion-distill/exp/08_dsm_calibrated_lambda.py:17: SyntaxWarning: "\_" is an invalid escape sequence. Such sequences will not work in the future. Did you mean "\\_"? A raw string is also an option.
  \_ independent of lam _/

=== d=512 (sigma_data=1.038, N=256) ===
  sig/sd   lam*  lam_dsm   lam^   gate |     g*   g_dsm       g^   g_gate
   0.019  0.985    0.985  0.290  1.000 |  0.994   0.994    54.42     1.00
   0.038  0.944    0.944  0.279  1.000 |  0.974   0.974    13.84     1.00
   0.077  0.808    0.809  0.238  1.000 |  0.862   0.862     3.36     1.00
   0.153  0.516    0.515  0.155  1.000 |  0.520   0.520     0.80     1.00
   0.305  0.211    0.208  0.067  1.000 |  0.835   0.833     0.89     4.76
   0.609  0.062    0.062  0.023  1.000 |  0.962   0.962     0.97    21.43
   1.216  0.020    0.019  0.011  0.011 |  0.986   0.985     0.99     0.99
   2.426  0.011    0.010  0.010  0.010 |  0.990   0.990     0.99     0.99
   4.841  0.010    0.000  0.009  0.009 |  0.991   1.000     0.99     0.99
   9.658  0.021    0.055  0.017  0.017 |  0.979   1.033     0.98     0.98
  19.271  0.047    0.019  0.047  0.047 |  0.946   0.968     0.95     0.95

=== d=32 (sigma_data=1.049, N=256) ===
  sig/sd   lam*  lam_dsm   lam^   gate |     g*   g_dsm       g^   g_gate
   0.019  1.000    1.000  0.401  1.000 |  1.000   1.000  7244.89     1.00
   0.038  0.999    0.999  0.397  1.000 |  1.002   1.004  3550.22     1.00
   0.076  1.000    0.998  0.415  1.000 |  1.000   1.011  2015.97     1.00
   0.151  1.001    0.991  0.424  1.000 |  1.002   1.165   755.61     1.00
   0.302  0.995    0.990  0.500  1.000 |  1.000   1.021   105.30     1.00
   0.603  0.950    0.946  0.631  1.000 |  0.961   0.963     3.58     1.00
   1.203  0.814    0.797  0.727  0.727 |  0.811   0.812     0.85     0.85
   2.400  0.502    0.765  0.542  0.542 |  0.502   0.641     0.51     0.51
   4.788  0.431    0.428  0.531  0.531 |  0.569   0.569     0.59     0.59
   9.553  0.336    0.205  0.367  0.367 |  0.665   0.716     0.67     0.67
  19.060  0.216    0.348  0.187  0.187 |  0.785   0.866     0.79     0.79

=== summary: mean / worst MSE ratio (lower is better; 1.0 = no better than best single) ===
     d          oracle lam*             lam_dsm             lam_hat          sigma gate
   512     0.913 /     0.99    0.920 /     1.03    7.196 /    54.42    3.189 /    21.43
    32     0.845 /     1.00    0.888 /     1.17 1243.543 /  7244.89    0.855 /     1.00
