   perturb strength      d |      mmd      ksd   moment
-------------------------------------------------------
      mean    0.050    256 |     1.00     1.00     0.93
      mean    0.050   1024 |     1.00     1.00     1.00
      mean    0.050   4096 |     1.00     1.00     1.00
      mean    0.050  16384 |     1.00     1.00     1.00

     scale    0.020    256 |     0.29     0.06     0.83
     scale    0.020   1024 |     0.77     0.04     1.00
     scale    0.020   4096 |     1.00     0.08     1.00
     scale    0.020  16384 |     1.00     0.00     1.00

   lowrank    0.100    256 |     0.17     0.27     1.00
   lowrank    0.100   1024 |     0.09     0.13     1.00
   lowrank    0.100   4096 |     0.10     0.18     1.00
   lowrank    0.100  16384 |     0.00     0.00     1.00

   mixture    0.500    256 |     0.06     0.06     0.11
   mixture    0.500   1024 |     0.05     0.05     0.06
   mixture    0.500   4096 |     0.07     0.06     0.06
   mixture    0.500  16384 |     0.00     0.00     0.01

      corr    0.100    256 |     0.06     0.10     0.10
      corr    0.100   1024 |     0.08     0.13     0.07
      corr    0.100   4096 |     0.16     0.31     0.05
      corr    0.100  16384 |     0.16     0.50     0.03

[177s]
