  training teacher d8_s6000_w256x4_seed0 ...
  done in 257s
d=8 kind=ondist N=64
   sig=  0.020 lam*=1.000 lam^=0.622 gate=1.000 gain*=0.998 gain_gate=1.000
   sig=  0.036 lam*=1.000 lam^=0.704 gate=1.000 gain*=0.999 gain_gate=1.000
   sig=  0.063 lam*=1.000 lam^=0.648 gate=1.000 gain*=0.997 gain_gate=1.000
   sig=  0.112 lam*=1.000 lam^=0.659 gate=1.000 gain*=1.000 gain_gate=1.000
   sig=  0.200 lam*=1.000 lam^=0.708 gate=1.000 gain*=1.000 gain_gate=1.000
   sig=  0.356 lam*=1.002 lam^=0.741 gate=1.000 gain*=0.998 gain_gate=1.000
   sig=  0.632 lam*=0.988 lam^=0.901 gate=0.901 gain*=0.989 gain_gate=1.558
   sig=  1.125 lam*=0.971 lam^=0.920 gate=0.920 gain*=0.976 gain_gate=1.051
   sig=  2.000 lam*=0.957 lam^=1.097 gate=1.097 gain*=0.965 gain_gate=1.332
   sig=  3.557 lam*=0.936 lam^=0.973 gate=0.973 gain*=0.931 gain_gate=0.954
   sig=  6.325 lam*=0.924 lam^=0.813 gate=0.813 gain*=0.917 gain_gate=1.091
   sig= 11.247 lam*=0.745 lam^=0.454 gate=0.454 gain*=0.740 gain_gate=1.080
   sig= 20.000 lam*=0.263 lam^=0.183 gate=0.183 gain*=0.736 gain_gate=0.760
d=8 kind=ondist N=256
   sig=  0.020 lam*=1.000 lam^=0.609 gate=1.000 gain*=0.999 gain_gate=1.000
   sig=  0.036 lam*=1.000 lam^=0.584 gate=1.000 gain*=0.998 gain_gate=1.000
   sig=  0.063 lam*=0.999 lam^=0.613 gate=1.000 gain*=0.994 gain_gate=1.000
   sig=  0.112 lam*=0.999 lam^=0.623 gate=1.000 gain*=0.998 gain_gate=1.000
   sig=  0.200 lam*=0.999 lam^=0.699 gate=1.000 gain*=0.999 gain_gate=1.000
   sig=  0.356 lam*=0.985 lam^=0.768 gate=1.000 gain*=0.987 gain_gate=1.000
   sig=  0.632 lam*=0.949 lam^=0.821 gate=0.821 gain*=0.958 gain_gate=1.216
   sig=  1.125 lam*=0.884 lam^=0.904 gate=0.904 gain*=0.894 gain_gate=0.897
   sig=  2.000 lam*=0.808 lam^=0.960 gate=0.960 gain*=0.820 gain_gate=0.933
   sig=  3.557 lam*=0.799 lam^=0.852 gate=0.852 gain*=0.828 gain_gate=0.840
   sig=  6.325 lam*=0.753 lam^=0.749 gate=0.749 gain*=0.742 gain_gate=0.743
   sig= 11.247 lam*=0.370 lam^=0.250 gate=0.250 gain*=0.622 gain_gate=0.662
   sig= 20.000 lam*=0.077 lam^=0.106 gate=0.106 gain*=0.926 gain_gate=0.936
d=8 kind=ondist N=1024
   sig=  0.020 lam*=1.000 lam^=0.593 gate=1.000 gain*=1.000 gain_gate=1.000
   sig=  0.036 lam*=0.999 lam^=0.592 gate=1.000 gain*=0.997 gain_gate=1.000
   sig=  0.063 lam*=0.997 lam^=0.641 gate=1.000 gain*=0.988 gain_gate=1.000
   sig=  0.112 lam*=0.997 lam^=0.703 gate=1.000 gain*=0.993 gain_gate=1.000
   sig=  0.200 lam*=0.995 lam^=0.717 gate=1.000 gain*=0.995 gain_gate=1.000
   sig=  0.356 lam*=0.942 lam^=0.780 gate=1.000 gain*=0.940 gain_gate=1.000
   sig=  0.632 lam*=0.841 lam^=0.761 gate=0.761 gain*=0.853 gain_gate=0.890
   sig=  1.125 lam*=0.667 lam^=0.667 gate=0.667 gain*=0.674 gain_gate=0.674
   sig=  2.000 lam*=0.530 lam^=0.529 gate=0.529 gain*=0.540 gain_gate=0.540
   sig=  3.557 lam*=0.536 lam^=0.458 gate=0.458 gain*=0.568 gain_gate=0.581
   sig=  6.325 lam*=0.451 lam^=0.355 gate=0.355 gain*=0.576 gain_gate=0.595
   sig= 11.247 lam*=0.105 lam^=0.085 gate=0.085 gain*=0.890 gain_gate=0.894
   sig= 20.000 lam*=0.017 lam^=0.018 gate=0.018 gain*=0.985 gain_gate=0.985
d=8 kind=shrunk N=256
   sig=  0.020 lam*=0.928 lam^=0.205 gate=1.000 gain*=0.594 gain_gate=1.000
   sig=  0.036 lam*=0.790 lam^=0.231 gate=1.000 gain*=0.456 gain_gate=1.000
   sig=  0.063 lam*=0.633 lam^=0.294 gate=1.000 gain*=0.425 gain_gate=1.000
   sig=  0.112 lam*=0.627 lam^=0.452 gate=1.000 gain*=0.572 gain_gate=1.000
   sig=  0.200 lam*=0.648 lam^=0.621 gate=1.000 gain*=0.640 gain_gate=1.000
   sig=  0.356 lam*=0.837 lam^=0.776 gate=1.000 gain*=0.873 gain_gate=1.000
   sig=  0.632 lam*=0.888 lam^=0.824 gate=0.824 gain*=0.892 gain_gate=0.927
   sig=  1.125 lam*=0.880 lam^=0.809 gate=0.809 gain*=0.883 gain_gate=0.924
   sig=  2.000 lam*=0.813 lam^=0.861 gate=0.861 gain*=0.808 gain_gate=0.820
   sig=  3.557 lam*=0.798 lam^=0.891 gate=0.891 gain*=0.818 gain_gate=0.857
   sig=  6.325 lam*=0.768 lam^=0.779 gate=0.779 gain*=0.791 gain_gate=0.792
   sig= 11.247 lam*=0.336 lam^=0.348 gate=0.348 gain*=0.639 gain_gate=0.640
   sig= 20.000 lam*=0.070 lam^=0.076 gate=0.076 gain*=0.924 gain_gate=0.924
d=8 kind=shifted N=256
   sig=  0.020 lam*=0.969 lam^=0.198 gate=1.000 gain*=0.814 gain_gate=1.000
   sig=  0.036 lam*=0.897 lam^=0.239 gate=1.000 gain*=0.680 gain_gate=1.000
   sig=  0.063 lam*=0.818 lam^=0.327 gate=1.000 gain*=0.667 gain_gate=1.000
   sig=  0.112 lam*=0.847 lam^=0.448 gate=1.000 gain*=0.791 gain_gate=1.000
   sig=  0.200 lam*=0.929 lam^=0.566 gate=1.000 gain*=0.928 gain_gate=1.000
   sig=  0.356 lam*=0.957 lam^=0.705 gate=1.000 gain*=0.961 gain_gate=1.000
   sig=  0.632 lam*=0.946 lam^=0.759 gate=0.759 gain*=0.949 gain_gate=1.567
   sig=  1.125 lam*=0.892 lam^=0.766 gate=0.766 gain*=0.902 gain_gate=1.036
   sig=  2.000 lam*=0.833 lam^=0.859 gate=0.859 gain*=0.842 gain_gate=0.846
   sig=  3.557 lam*=0.786 lam^=0.951 gate=0.951 gain*=0.779 gain_gate=0.911
   sig=  6.325 lam*=0.781 lam^=0.698 gate=0.698 gain*=0.791 gain_gate=0.821
   sig= 11.247 lam*=0.348 lam^=0.263 gate=0.263 gain*=0.647 gain_gate=0.668
   sig= 20.000 lam*=0.076 lam^=0.094 gate=0.094 gain*=0.918 gain_gate=0.922
d=8 kind=blurred N=256
   sig=  0.020 lam*=0.963 lam^=0.197 gate=1.000 gain*=0.791 gain_gate=1.000
   sig=  0.036 lam*=0.885 lam^=0.242 gate=1.000 gain*=0.667 gain_gate=1.000
   sig=  0.063 lam*=0.787 lam^=0.295 gate=1.000 gain*=0.640 gain_gate=1.000
   sig=  0.112 lam*=0.820 lam^=0.428 gate=1.000 gain*=0.797 gain_gate=1.000
   sig=  0.200 lam*=0.905 lam^=0.592 gate=1.000 gain*=0.905 gain_gate=1.000
   sig=  0.356 lam*=0.933 lam^=0.719 gate=1.000 gain*=0.943 gain_gate=1.000
   sig=  0.632 lam*=0.935 lam^=0.786 gate=0.786 gain*=0.939 gain_gate=1.255
   sig=  1.125 lam*=0.866 lam^=0.958 gate=0.958 gain*=0.866 gain_gate=0.928
   sig=  2.000 lam*=0.852 lam^=0.906 gate=0.906 gain*=0.859 gain_gate=0.878
   sig=  3.557 lam*=0.809 lam^=0.816 gate=0.816 gain*=0.805 gain_gate=0.805
   sig=  6.325 lam*=0.722 lam^=0.995 gate=0.995 gain*=0.736 gain_gate=0.990
   sig= 11.247 lam*=0.375 lam^=0.285 gate=0.285 gain*=0.623 gain_gate=0.645
   sig= 20.000 lam*=0.076 lam^=0.081 gate=0.081 gain*=0.924 gain_gate=0.924
d=32 kind=ondist N=64
   sig=  0.020 lam*=1.000 lam^=0.531 gate=1.000 gain*=1.000 gain_gate=1.000
   sig=  0.036 lam*=1.000 lam^=0.471 gate=1.000 gain*=0.999 gain_gate=1.000
   sig=  0.063 lam*=1.000 lam^=0.539 gate=1.000 gain*=1.000 gain_gate=1.000
   sig=  0.112 lam*=1.000 lam^=0.509 gate=1.000 gain*=1.000 gain_gate=1.000
   sig=  0.200 lam*=1.000 lam^=0.457 gate=1.000 gain*=1.000 gain_gate=1.000
   sig=  0.356 lam*=0.996 lam^=0.604 gate=1.000 gain*=0.991 gain_gate=1.000
   sig=  0.632 lam*=0.988 lam^=0.843 gate=0.843 gain*=0.977 gain_gate=4.450
   sig=  1.125 lam*=0.955 lam^=1.010 gate=1.010 gain*=0.958 gain_gate=1.020
   sig=  2.000 lam*=0.871 lam^=1.079 gate=1.079 gain*=0.879 gain_gate=1.194
   sig=  3.557 lam*=0.786 lam^=0.780 gate=0.780 gain*=0.783 gain_gate=0.783
   sig=  6.325 lam*=0.802 lam^=0.710 gate=0.710 gain*=0.803 gain_gate=0.845
   sig= 11.247 lam*=0.639 lam^=0.608 gate=0.608 gain*=0.646 gain_gate=0.648
   sig= 20.000 lam*=0.479 lam^=0.534 gate=0.534 gain*=0.528 gain_gate=0.535
d=32 kind=ondist N=256
   sig=  0.020 lam*=1.000 lam^=0.387 gate=1.000 gain*=1.000 gain_gate=1.000
   sig=  0.036 lam*=1.000 lam^=0.397 gate=1.000 gain*=0.998 gain_gate=1.000
   sig=  0.063 lam*=1.000 lam^=0.403 gate=1.000 gain*=0.999 gain_gate=1.000
   sig=  0.112 lam*=1.000 lam^=0.404 gate=1.000 gain*=1.000 gain_gate=1.000
   sig=  0.200 lam*=1.000 lam^=0.437 gate=1.000 gain*=1.000 gain_gate=1.000
   sig=  0.356 lam*=0.993 lam^=0.505 gate=1.000 gain*=0.986 gain_gate=1.000
   sig=  0.632 lam*=0.980 lam^=0.646 gate=0.646 gain*=0.973 gain_gate=8.096
   sig=  1.125 lam*=0.850 lam^=0.737 gate=0.737 gain*=0.854 gain_gate=0.938
   sig=  2.000 lam*=0.591 lam^=0.640 gate=0.640 gain*=0.596 gain_gate=0.602
   sig=  3.557 lam*=0.452 lam^=0.470 gate=0.470 gain*=0.548 gain_gate=0.549
   sig=  6.325 lam*=0.450 lam^=0.424 gate=0.424 gain*=0.558 gain_gate=0.559
   sig= 11.247 lam*=0.272 lam^=0.248 gate=0.248 gain*=0.730 gain_gate=0.732
   sig= 20.000 lam*=0.214 lam^=0.224 gate=0.224 gain*=0.789 gain_gate=0.790
d=32 kind=ondist N=1024
   sig=  0.020 lam*=1.000 lam^=0.410 gate=1.000 gain*=1.000 gain_gate=1.000
   sig=  0.036 lam*=0.999 lam^=0.410 gate=1.000 gain*=0.998 gain_gate=1.000
   sig=  0.063 lam*=1.000 lam^=0.412 gate=1.000 gain*=0.999 gain_gate=1.000
   sig=  0.112 lam*=1.000 lam^=0.429 gate=1.000 gain*=1.000 gain_gate=1.000
   sig=  0.200 lam*=0.999 lam^=0.461 gate=1.000 gain*=1.000 gain_gate=1.000
   sig=  0.356 lam*=0.991 lam^=0.557 gate=1.000 gain*=0.987 gain_gate=1.000
   sig=  0.632 lam*=0.959 lam^=0.669 gate=0.669 gain*=0.954 gain_gate=3.222
   sig=  1.125 lam*=0.621 lam^=0.552 gate=0.552 gain*=0.630 gain_gate=0.642
   sig=  2.000 lam*=0.247 lam^=0.260 gate=0.260 gain*=0.762 gain_gate=0.762
   sig=  3.557 lam*=0.159 lam^=0.176 gate=0.176 gain*=0.845 gain_gate=0.847
   sig=  6.325 lam*=0.197 lam^=0.176 gate=0.176 gain*=0.802 gain_gate=0.805
   sig= 11.247 lam*=0.091 lam^=0.105 gate=0.105 gain*=0.912 gain_gate=0.914
   sig= 20.000 lam*=0.061 lam^=0.070 gate=0.070 gain*=0.933 gain_gate=0.935
d=32 kind=shrunk N=256
   sig=  0.020 lam*=0.795 lam^=0.191 gate=1.000 gain*=0.484 gain_gate=1.000
   sig=  0.036 lam*=0.666 lam^=0.208 gate=1.000 gain*=0.492 gain_gate=1.000
   sig=  0.063 lam*=0.611 lam^=0.231 gate=1.000 gain*=0.535 gain_gate=1.000
   sig=  0.112 lam*=0.664 lam^=0.279 gate=1.000 gain*=0.634 gain_gate=1.000
   sig=  0.200 lam*=0.785 lam^=0.367 gate=1.000 gain*=0.768 gain_gate=1.000
   sig=  0.356 lam*=0.868 lam^=0.467 gate=1.000 gain*=0.851 gain_gate=1.000
   sig=  0.632 lam*=0.757 lam^=0.536 gate=0.536 gain*=0.741 gain_gate=0.955
   sig=  1.125 lam*=0.537 lam^=0.466 gate=0.466 gain*=0.545 gain_gate=0.556
   sig=  2.000 lam*=0.560 lam^=0.479 gate=0.479 gain*=0.567 gain_gate=0.582
   sig=  3.557 lam*=0.491 lam^=0.514 gate=0.514 gain*=0.507 gain_gate=0.508
   sig=  6.325 lam*=0.485 lam^=0.485 gate=0.485 gain*=0.515 gain_gate=0.515
   sig= 11.247 lam*=0.309 lam^=0.302 gate=0.302 gain*=0.692 gain_gate=0.692
   sig= 20.000 lam*=0.205 lam^=0.181 gate=0.181 gain*=0.784 gain_gate=0.787
d=32 kind=shifted N=256
   sig=  0.020 lam*=0.891 lam^=0.189 gate=1.000 gain*=0.688 gain_gate=1.000
   sig=  0.036 lam*=0.840 lam^=0.216 gate=1.000 gain*=0.730 gain_gate=1.000
   sig=  0.063 lam*=0.855 lam^=0.253 gate=1.000 gain*=0.820 gain_gate=1.000
   sig=  0.112 lam*=0.912 lam^=0.289 gate=1.000 gain*=0.903 gain_gate=1.000
   sig=  0.200 lam*=0.960 lam^=0.342 gate=1.000 gain*=0.947 gain_gate=1.000
   sig=  0.356 lam*=0.978 lam^=0.440 gate=1.000 gain*=0.952 gain_gate=1.000
   sig=  0.632 lam*=0.963 lam^=0.590 gate=0.590 gain*=0.940 gain_gate=7.083
   sig=  1.125 lam*=0.852 lam^=0.708 gate=0.708 gain*=0.856 gain_gate=0.991
   sig=  2.000 lam*=0.583 lam^=0.625 gate=0.625 gain*=0.596 gain_gate=0.601
   sig=  3.557 lam*=0.476 lam^=0.483 gate=0.483 gain*=0.529 gain_gate=0.529
   sig=  6.325 lam*=0.444 lam^=0.524 gate=0.524 gain*=0.564 gain_gate=0.577
   sig= 11.247 lam*=0.291 lam^=0.314 gate=0.314 gain*=0.699 gain_gate=0.701
   sig= 20.000 lam*=0.210 lam^=0.172 gate=0.172 gain*=0.788 gain_gate=0.794
d=32 kind=blurred N=256
   sig=  0.020 lam*=0.887 lam^=0.191 gate=1.000 gain*=0.657 gain_gate=1.000
   sig=  0.036 lam*=0.830 lam^=0.221 gate=1.000 gain*=0.699 gain_gate=1.000
   sig=  0.063 lam*=0.860 lam^=0.272 gate=1.000 gain*=0.815 gain_gate=1.000
   sig=  0.112 lam*=0.920 lam^=0.318 gate=1.000 gain*=0.908 gain_gate=1.000
   sig=  0.200 lam*=0.965 lam^=0.363 gate=1.000 gain*=0.952 gain_gate=1.000
   sig=  0.356 lam*=0.975 lam^=0.441 gate=1.000 gain*=0.948 gain_gate=1.000
   sig=  0.632 lam*=0.970 lam^=0.597 gate=0.597 gain*=0.954 gain_gate=8.047
   sig=  1.125 lam*=0.836 lam^=0.689 gate=0.689 gain*=0.840 gain_gate=0.968
   sig=  2.000 lam*=0.624 lam^=0.602 gate=0.602 gain*=0.628 gain_gate=0.629
   sig=  3.557 lam*=0.485 lam^=0.446 gate=0.446 gain*=0.510 gain_gate=0.513
   sig=  6.325 lam*=0.487 lam^=0.368 gate=0.368 gain*=0.508 gain_gate=0.537
   sig= 11.247 lam*=0.286 lam^=0.278 gate=0.278 gain*=0.716 gain_gate=0.716
   sig= 20.000 lam*=0.203 lam^=0.219 gate=0.219 gain*=0.814 gain_gate=0.815
  training teacher d128_s6000_w256x4_seed0 ...
  done in 246s
d=128 kind=ondist N=64
   sig=  0.020 lam*=0.999 lam^=0.597 gate=1.000 gain*=0.996 gain_gate=1.000
   sig=  0.036 lam*=1.000 lam^=0.700 gate=1.000 gain*=1.000 gain_gate=1.000
   sig=  0.063 lam*=1.002 lam^=0.816 gate=1.000 gain*=0.994 gain_gate=1.000
   sig=  0.112 lam*=1.003 lam^=0.630 gate=1.000 gain*=0.994 gain_gate=1.000
   sig=  0.200 lam*=0.997 lam^=0.509 gate=1.000 gain*=0.997 gain_gate=1.000
   sig=  0.356 lam*=0.986 lam^=0.943 gate=1.000 gain*=0.976 gain_gate=1.000
   sig=  0.632 lam*=0.974 lam^=0.795 gate=0.795 gain*=0.965 gain_gate=2.686
   sig=  1.125 lam*=0.918 lam^=1.392 gate=1.392 gain*=0.916 gain_gate=3.735
   sig=  2.000 lam*=0.688 lam^=1.943 gate=1.943 gain*=0.699 gain_gate=5.563
   sig=  3.557 lam*=0.365 lam^=0.755 gate=0.755 gain*=0.649 gain_gate=1.051
   sig=  6.325 lam*=0.451 lam^=0.455 gate=0.455 gain*=0.551 gain_gate=0.551
   sig= 11.247 lam*=0.455 lam^=0.393 gate=0.393 gain*=0.548 gain_gate=0.556
   sig= 20.000 lam*=0.405 lam^=0.424 gate=0.424 gain*=0.595 gain_gate=0.596
d=128 kind=ondist N=256
   sig=  0.020 lam*=0.999 lam^=0.320 gate=1.000 gain*=0.995 gain_gate=1.000
   sig=  0.036 lam*=1.000 lam^=0.323 gate=1.000 gain*=1.000 gain_gate=1.000
   sig=  0.063 lam*=1.002 lam^=0.330 gate=1.000 gain*=0.995 gain_gate=1.000
   sig=  0.112 lam*=1.003 lam^=0.343 gate=1.000 gain*=0.995 gain_gate=1.000
   sig=  0.200 lam*=0.996 lam^=0.378 gate=1.000 gain*=0.996 gain_gate=1.000
   sig=  0.356 lam*=0.981 lam^=0.428 gate=1.000 gain*=0.970 gain_gate=1.000
   sig=  0.632 lam*=0.943 lam^=0.519 gate=0.519 gain*=0.926 gain_gate=4.987
   sig=  1.125 lam*=0.833 lam^=0.600 gate=0.600 gain*=0.834 gain_gate=1.156
   sig=  2.000 lam*=0.383 lam^=0.356 gate=0.356 gain*=0.623 gain_gate=0.625
   sig=  3.557 lam*=0.133 lam^=0.137 gate=0.137 gain*=0.876 gain_gate=0.876
   sig=  6.325 lam*=0.165 lam^=0.161 gate=0.161 gain*=0.832 gain_gate=0.832
   sig= 11.247 lam*=0.133 lam^=0.196 gate=0.196 gain*=0.864 gain_gate=0.894
   sig= 20.000 lam*=0.112 lam^=0.129 gate=0.129 gain*=0.887 gain_gate=0.890
d=128 kind=ondist N=1024
   sig=  0.020 lam*=0.999 lam^=0.329 gate=1.000 gain*=0.995 gain_gate=1.000
   sig=  0.036 lam*=1.000 lam^=0.327 gate=1.000 gain*=1.000 gain_gate=1.000
   sig=  0.063 lam*=1.002 lam^=0.336 gate=1.000 gain*=0.994 gain_gate=1.000
   sig=  0.112 lam*=1.003 lam^=0.351 gate=1.000 gain*=0.996 gain_gate=1.000
   sig=  0.200 lam*=0.995 lam^=0.386 gate=1.000 gain*=0.996 gain_gate=1.000
   sig=  0.356 lam*=0.976 lam^=0.443 gate=1.000 gain*=0.966 gain_gate=1.000
   sig=  0.632 lam*=0.918 lam^=0.536 gate=0.536 gain*=0.906 gain_gate=2.929
   sig=  1.125 lam*=0.661 lam^=0.507 gate=0.507 gain*=0.664 gain_gate=0.734
   sig=  2.000 lam*=0.146 lam^=0.136 gate=0.136 gain*=0.857 gain_gate=0.858
   sig=  3.557 lam*=0.034 lam^=0.037 gate=0.037 gain*=0.968 gain_gate=0.968
   sig=  6.325 lam*=0.044 lam^=0.043 gate=0.043 gain*=0.954 gain_gate=0.954
   sig= 11.247 lam*=0.042 lam^=0.044 gate=0.044 gain*=0.959 gain_gate=0.959
   sig= 20.000 lam*=0.036 lam^=0.038 gate=0.038 gain*=0.964 gain_gate=0.964
d=128 kind=shrunk N=256
   sig=  0.020 lam*=0.576 lam^=0.115 gate=1.000 gain*=0.415 gain_gate=1.000
   sig=  0.036 lam*=0.491 lam^=0.121 gate=1.000 gain*=0.443 gain_gate=1.040
   sig=  0.063 lam*=0.474 lam^=0.132 gate=1.000 gain*=0.503 gain_gate=1.113
   sig=  0.112 lam*=0.488 lam^=0.150 gate=1.000 gain*=0.499 gain_gate=1.050
   sig=  0.200 lam*=0.515 lam^=0.183 gate=1.000 gain*=0.497 gain_gate=1.000
   sig=  0.356 lam*=0.572 lam^=0.255 gate=1.000 gain*=0.557 gain_gate=1.000
   sig=  0.632 lam*=0.745 lam^=0.426 gate=0.426 gain*=0.739 gain_gate=1.145
   sig=  1.125 lam*=0.528 lam^=0.382 gate=0.382 gain*=0.522 gain_gate=0.567
   sig=  2.000 lam*=0.128 lam^=0.124 gate=0.124 gain*=0.878 gain_gate=0.878
   sig=  3.557 lam*=0.129 lam^=0.146 gate=0.146 gain*=0.876 gain_gate=0.878
   sig=  6.325 lam*=0.182 lam^=0.166 gate=0.166 gain*=0.819 gain_gate=0.820
   sig= 11.247 lam*=0.151 lam^=0.172 gate=0.172 gain*=0.856 gain_gate=0.858
   sig= 20.000 lam*=0.136 lam^=0.136 gate=0.136 gain*=0.865 gain_gate=0.865
d=128 kind=shifted N=256
   sig=  0.020 lam*=0.770 lam^=0.128 gate=1.000 gain*=0.632 gain_gate=1.000
   sig=  0.036 lam*=0.769 lam^=0.152 gate=1.000 gain*=0.717 gain_gate=1.000
   sig=  0.063 lam*=0.838 lam^=0.186 gate=1.000 gain*=0.825 gain_gate=1.000
   sig=  0.112 lam*=0.918 lam^=0.229 gate=1.000 gain*=0.911 gain_gate=1.000
   sig=  0.200 lam*=0.948 lam^=0.288 gate=1.000 gain*=0.925 gain_gate=1.000
   sig=  0.356 lam*=0.938 lam^=0.378 gate=1.000 gain*=0.917 gain_gate=1.000
   sig=  0.632 lam*=0.923 lam^=0.479 gate=0.479 gain*=0.905 gain_gate=4.010
   sig=  1.125 lam*=0.811 lam^=0.583 gate=0.583 gain*=0.812 gain_gate=1.084
   sig=  2.000 lam*=0.393 lam^=0.370 gate=0.370 gain*=0.613 gain_gate=0.614
   sig=  3.557 lam*=0.124 lam^=0.152 gate=0.152 gain*=0.883 gain_gate=0.888
   sig=  6.325 lam*=0.164 lam^=0.155 gate=0.155 gain*=0.837 gain_gate=0.837
   sig= 11.247 lam*=0.159 lam^=0.144 gate=0.144 gain*=0.844 gain_gate=0.845
   sig= 20.000 lam*=0.136 lam^=0.141 gate=0.141 gain*=0.866 gain_gate=0.867
d=128 kind=blurred N=256
   sig=  0.020 lam*=0.761 lam^=0.132 gate=1.000 gain*=0.629 gain_gate=1.000
   sig=  0.036 lam*=0.762 lam^=0.158 gate=1.000 gain*=0.714 gain_gate=1.000
   sig=  0.063 lam*=0.835 lam^=0.192 gate=1.000 gain*=0.826 gain_gate=1.000
   sig=  0.112 lam*=0.924 lam^=0.233 gate=1.000 gain*=0.921 gain_gate=1.000
   sig=  0.200 lam*=0.955 lam^=0.290 gate=1.000 gain*=0.940 gain_gate=1.000
   sig=  0.356 lam*=0.938 lam^=0.368 gate=1.000 gain*=0.914 gain_gate=1.000
   sig=  0.632 lam*=0.917 lam^=0.479 gate=0.479 gain*=0.897 gain_gate=3.797
   sig=  1.125 lam*=0.821 lam^=0.578 gate=0.578 gain*=0.818 gain_gate=1.149
   sig=  2.000 lam*=0.374 lam^=0.340 gate=0.340 gain*=0.631 gain_gate=0.634
   sig=  3.557 lam*=0.140 lam^=0.157 gate=0.157 gain*=0.864 gain_gate=0.866
   sig=  6.325 lam*=0.154 lam^=0.157 gate=0.157 gain*=0.844 gain_gate=0.844
   sig= 11.247 lam*=0.136 lam^=0.162 gate=0.162 gain*=0.866 gain_gate=0.871
   sig= 20.000 lam*=0.128 lam^=0.149 gate=0.149 gain*=0.870 gain_gate=0.874
  training teacher d512_s6000_w256x4_seed0 ...
  done in 295s
d=512 kind=ondist N=64
   sig=  0.020 lam*=0.987 lam^=1.301 gate=1.000 gain*=0.980 gain_gate=1.000
   sig=  0.036 lam*=0.961 lam^=1.261 gate=1.000 gain*=0.936 gain_gate=1.000
   sig=  0.063 lam*=0.885 lam^=1.377 gate=1.000 gain*=0.824 gain_gate=1.000
   sig=  0.112 lam*=0.711 lam^=0.820 gate=1.000 gain*=0.610 gain_gate=1.000
   sig=  0.200 lam*=0.441 lam^=0.621 gate=1.000 gain*=0.455 gain_gate=1.329
   sig=  0.356 lam*=0.318 lam^=0.200 gate=1.000 gain*=0.628 gain_gate=2.341
   sig=  0.632 lam*=0.091 lam^=0.152 gate=0.152 gain*=0.874 gain_gate=0.931
   sig=  1.125 lam*=0.045 lam^=0.102 gate=0.102 gain*=0.941 gain_gate=1.031
   sig=  2.000 lam*=0.037 lam^=0.180 gate=0.180 gain*=0.958 gain_gate=1.597
   sig=  3.557 lam*=0.043 lam^=0.235 gate=0.235 gain*=0.955 gain_gate=1.870
   sig=  6.325 lam*=0.040 lam^=0.231 gate=0.231 gain*=0.967 gain_gate=1.728
   sig= 11.247 lam*=0.084 lam^=0.151 gate=0.151 gain*=0.928 gain_gate=0.975
   sig= 20.000 lam*=0.168 lam^=0.208 gate=0.208 gain*=0.849 gain_gate=0.857
d=512 kind=ondist N=256
   sig=  0.020 lam*=0.985 lam^=0.291 gate=1.000 gain*=0.977 gain_gate=1.000
   sig=  0.036 lam*=0.955 lam^=0.283 gate=1.000 gain*=0.928 gain_gate=1.000
   sig=  0.063 lam*=0.870 lam^=0.259 gate=1.000 gain*=0.803 gain_gate=1.000
   sig=  0.112 lam*=0.680 lam^=0.204 gate=1.000 gain*=0.573 gain_gate=1.000
   sig=  0.200 lam*=0.402 lam^=0.123 gate=1.000 gain*=0.493 gain_gate=1.620
   sig=  0.356 lam*=0.171 lam^=0.056 gate=1.000 gain*=0.760 gain_gate=6.378
   sig=  0.632 lam*=0.063 lam^=0.024 gate=0.024 gain*=0.910 gain_gate=0.945
   sig=  1.125 lam*=0.024 lam^=0.012 gate=0.012 gain*=0.969 gain_gate=0.976
   sig=  2.000 lam*=0.012 lam^=0.009 gate=0.009 gain*=0.986 gain_gate=0.987
   sig=  3.557 lam*=0.011 lam^=0.011 gate=0.011 gain*=0.988 gain_gate=0.988
   sig=  6.325 lam*=0.010 lam^=0.011 gate=0.011 gain*=0.991 gain_gate=0.991
   sig= 11.247 lam*=0.029 lam^=0.027 gate=0.027 gain*=0.975 gain_gate=0.975
   sig= 20.000 lam*=0.052 lam^=0.061 gate=0.061 gain*=0.950 gain_gate=0.952
d=512 kind=ondist N=1024
   sig=  0.020 lam*=0.984 lam^=0.293 gate=1.000 gain*=0.975 gain_gate=1.000
   sig=  0.036 lam*=0.950 lam^=0.283 gate=1.000 gain*=0.921 gain_gate=1.000
   sig=  0.063 lam*=0.858 lam^=0.257 gate=1.000 gain*=0.788 gain_gate=1.000
   sig=  0.112 lam*=0.654 lam^=0.196 gate=1.000 gain*=0.544 gain_gate=1.000
   sig=  0.200 lam*=0.368 lam^=0.113 gate=1.000 gain*=0.526 gain_gate=1.925
   sig=  0.356 lam*=0.146 lam^=0.047 gate=1.000 gain*=0.792 gain_gate=7.940
   sig=  0.632 lam*=0.044 lam^=0.017 gate=0.017 gain*=0.935 gain_gate=0.960
   sig=  1.125 lam*=0.011 lam^=0.006 gate=0.006 gain*=0.985 gain_gate=0.989
   sig=  2.000 lam*=0.004 lam^=0.003 gate=0.003 gain*=0.996 gain_gate=0.996
   sig=  3.557 lam*=0.003 lam^=0.003 gate=0.003 gain*=0.997 gain_gate=0.997
   sig=  6.325 lam*=0.004 lam^=0.003 gate=0.003 gain*=0.995 gain_gate=0.996
   sig= 11.247 lam*=0.004 lam^=0.007 gate=0.007 gain*=0.998 gain_gate=0.999
   sig= 20.000 lam*=0.013 lam^=0.012 gate=0.012 gain*=0.989 gain_gate=0.989
d=512 kind=shrunk N=256
   sig=  0.020 lam*=0.419 lam^=0.050 gate=1.000 gain*=0.532 gain_gate=1.432
   sig=  0.036 lam*=0.401 lam^=0.057 gate=1.000 gain*=0.589 gain_gate=1.507
   sig=  0.063 lam*=0.405 lam^=0.068 gate=1.000 gain*=0.583 gain_gate=1.485
   sig=  0.112 lam*=0.386 lam^=0.081 gate=1.000 gain*=0.563 gain_gate=1.672
   sig=  0.200 lam*=0.297 lam^=0.079 gate=1.000 gain*=0.616 gain_gate=2.762
   sig=  0.356 lam*=0.157 lam^=0.049 gate=1.000 gain*=0.777 gain_gate=7.218
   sig=  0.632 lam*=0.060 lam^=0.023 gate=0.023 gain*=0.914 gain_gate=0.947
   sig=  1.125 lam*=0.022 lam^=0.012 gate=0.012 gain*=0.971 gain_gate=0.977
   sig=  2.000 lam*=0.011 lam^=0.008 gate=0.008 gain*=0.987 gain_gate=0.988
   sig=  3.557 lam*=0.005 lam^=0.006 gate=0.006 gain*=0.995 gain_gate=0.995
   sig=  6.325 lam*=0.012 lam^=0.016 gate=0.016 gain*=0.990 gain_gate=0.991
   sig= 11.247 lam*=0.027 lam^=0.024 gate=0.024 gain*=0.976 gain_gate=0.976
   sig= 20.000 lam*=0.047 lam^=0.062 gate=0.062 gain*=0.957 gain_gate=0.961
d=512 kind=shifted N=256
   sig=  0.020 lam*=0.417 lam^=0.043 gate=1.000 gain*=0.515 gain_gate=1.464
   sig=  0.036 lam*=0.396 lam^=0.047 gate=1.000 gain*=0.562 gain_gate=1.582
   sig=  0.063 lam*=0.385 lam^=0.051 gate=1.000 gain*=0.553 gain_gate=1.694
   sig=  0.112 lam*=0.339 lam^=0.054 gate=1.000 gain*=0.556 gain_gate=2.248
   sig=  0.200 lam*=0.244 lam^=0.050 gate=1.000 gain*=0.641 gain_gate=4.105
   sig=  0.356 lam*=0.135 lam^=0.035 gate=1.000 gain*=0.789 gain_gate=9.477
   sig=  0.632 lam*=0.059 lam^=0.020 gate=0.020 gain*=0.912 gain_gate=0.949
   sig=  1.125 lam*=0.022 lam^=0.011 gate=0.011 gain*=0.970 gain_gate=0.977
   sig=  2.000 lam*=0.012 lam^=0.009 gate=0.009 gain*=0.986 gain_gate=0.987
   sig=  3.557 lam*=0.011 lam^=0.010 gate=0.010 gain*=0.989 gain_gate=0.989
   sig=  6.325 lam*=0.009 lam^=0.010 gate=0.010 gain*=0.993 gain_gate=0.993
   sig= 11.247 lam*=0.021 lam^=0.030 gate=0.030 gain*=0.982 gain_gate=0.986
   sig= 20.000 lam*=0.053 lam^=0.056 gate=0.056 gain*=0.952 gain_gate=0.952
d=512 kind=blurred N=256
   sig=  0.020 lam*=0.426 lam^=0.043 gate=1.000 gain*=0.507 gain_gate=1.399
   sig=  0.036 lam*=0.409 lam^=0.047 gate=1.000 gain*=0.549 gain_gate=1.491
   sig=  0.063 lam*=0.397 lam^=0.052 gate=1.000 gain*=0.539 gain_gate=1.605
   sig=  0.112 lam*=0.345 lam^=0.054 gate=1.000 gain*=0.544 gain_gate=2.183
   sig=  0.200 lam*=0.246 lam^=0.050 gate=1.000 gain*=0.633 gain_gate=4.087
   sig=  0.356 lam*=0.135 lam^=0.035 gate=1.000 gain*=0.789 gain_gate=9.541
   sig=  0.632 lam*=0.058 lam^=0.020 gate=0.020 gain*=0.913 gain_gate=0.950
   sig=  1.125 lam*=0.023 lam^=0.012 gate=0.012 gain*=0.969 gain_gate=0.977
   sig=  2.000 lam*=0.012 lam^=0.009 gate=0.009 gain*=0.986 gain_gate=0.987
   sig=  3.557 lam*=0.011 lam^=0.010 gate=0.010 gain*=0.989 gain_gate=0.989
   sig=  6.325 lam*=0.009 lam^=0.010 gate=0.010 gain*=0.992 gain_gate=0.992
   sig= 11.247 lam*=0.024 lam^=0.021 gate=0.021 gain*=0.979 gain_gate=0.979
   sig= 20.000 lam*=0.052 lam^=0.063 gate=0.063 gain*=0.953 gain_gate=0.955
done
